loss_type,unit,mean,stddev
structural,USD,2.754788E+03,2.517918E+03
