structural-unit,structural-mean,structural-stddev
USD,4.738466E+02,2.286447E+02
