===== ====== =======
PGA   events nbytes 
===== ====== =======
0.011 14,732 250,444
0.014 14,732 250,444
0.010 14,732 250,444
0.012 1,454  24,718 
0.014 1,454  24,718 
0.010 1,454  24,718 
===== ====== =======