=== ===========
rlz structural 
=== ===========
0   1.23512E+06
=== ===========